Microchip MPLAB XC8 Compiler V1.45 ()

Linker command line:

-W-3 --edf=C:\Program Files (x86)\Microchip\xc8\v1.45\dat\en_msgs.txt -cs \
  -h+dist/default/production\the3.X.production.sym \
  --cmf=dist/default/production\the3.X.production.cmf -z -Q18F8722 \
  -oC:\Users\murat\AppData\Local\Temp\s76s.2 \
  -Mdist/default/production/the3.X.production.map -E1 -ver=XC8 \
  -ASTACK=0B8h-0f5fh -pstack=STACK -ACODE=00h-01FFFFh -ACONST=00h-01FFFFh \
  -ASMALLCONST=01000h-010FFhx496 \
  -AMEDIUMCONST=01000h-0FFFFh,011000h-01FFFFh -ACOMRAM=01h-05Fh \
  -AABS1=00h-0F5Fh -ABIGRAM=01h-0F5Fh \
  -ARAM=060h-0FFh,0100h-01FFhx14,0F00h-0F5Fh -ABANK0=060h-0FFh \
  -ABANK1=0100h-01FFh -ABANK2=0200h-02FFh -ABANK3=0300h-03FFh \
  -ABANK4=0400h-04FFh -ABANK5=0500h-05FFh -ABANK6=0600h-06FFh \
  -ABANK7=0700h-07FFh -ABANK8=0800h-08FFh -ABANK9=0900h-09FFh \
  -ABANK10=0A00h-0AFFh -ABANK11=0B00h-0BFFh -ABANK12=0C00h-0CFFh \
  -ABANK13=0D00h-0DFFh -ABANK14=0E00h-0EFFh -ABANK15=0F00h-0F5Fh \
  -ASFR=0F60h-0FFFh -preset_vec=00h,intcode=08h,intcodelo,powerup,init \
  -pramtop=01000h -psmallconst=SMALLCONST -pmediumconst=MEDIUMCONST \
  -pconst=CONST -AFARRAM=00h-00h -ACONFIG=0300000h-030000Dh -pconfig=CONFIG \
  -AIDLOC=0200000h-0200007h -pidloc=IDLOC -AEEDATA=0F00000h-0F003FFh \
  -peeprom_data=EEDATA \
  -prdata=COMRAM,nvrram=COMRAM,nvbit=COMRAM,rbss=COMRAM,rbit=COMRAM \
  -pfarbss=FARRAM,fardata=FARRAM,nvFARRAM=FARRAM \
  -pintsave_regs=BIGRAM,bigbss=BIGRAM,bigdata=BIGRAM -pbss=RAM \
  -pidata=CODE,irdata=CODE,ibigdata=CODE,ifardata=CODE -prparam=COMRAM \
  C:\Users\murat\AppData\Local\Temp\s76s.obj \
  dist/default/production\the3.X.production.obj 

Object code version is 3.11

Machine type is 18F8722

Call graph: (short form)




                Name                               Link     Load   Length Selector   Space Scale
C:\Users\murat\AppData\Local\Temp\s76s.obj
                init                                  E        E        4        4       0
                reset_vec                             0        0        4        0       0
                idloc                            200000   200000        8   200000       0
                config                           300000   300000        E   300000       0
dist/default/production\the3.X.production.obj
                intcode                               8        8        6        4       0
                temp                                 42       42        1        1       1
                smallconst                         1000     1000       BC      800       0
                text25                             17F4     17F4      10C      85E       0
                intcode_body                       10BC     10BC      2DA      85E       0
                text23                             1FE0     1FE0       16      85E       0
                text22                             1EE8     1EE8       2C      85E       0
                text21                             1900     1900       F6      85E       0
                text20                             1FC8     1FC8       18      85E       0
                text19                             19F6     19F6       C2      85E       0
                text18                             1CCA     1CCA       5E      85E       0
                text17                             1C6A     1C6A       60      85E       0
                text16                             1D28     1D28       54      85E       0
                text15                             1EBC     1EBC       2C      85E       0
                text14                             1F14     1F14       2A      85E       0
                text13                             1F8A     1F8A       26      85E       0
                text12                             1D7C     1D7C       52      85E       0
                text11                             1E1A     1E1A       42      85E       0
                text10                             1AB8     1AB8       A0      85E       0
                text9                              1FF6     1FF6       14      85E       0
                text8                              16C2     16C2      132      85E       0
                text7                              1F64     1F64       26      85E       0
                text6                              155E     155E      164      85E       0
                text5                              1E8C     1E8C       30      85E       0
                text4                              1E5C     1E5C       30      85E       0
                text3                              1B58     1B58       8E      85E       0
                text2                              1BE6     1BE6       84      85E       0
                text1                              1F3E     1F3E       26      85E       0
                text0                              1396     1396      1C8      85E       0
                cstackCOMRAM                          1        1       26        1       1
                cstackBANK0                          60       60       26       60       1
                dataBANK0                            A0       A0       18       60       1
                bssBANK0                             86       86       1A       60       1
                bssCOMRAM                            27       27       1A        1       1
                bitbssCOMRAM                        208       41        6        1       1     8
                cinit                              1DCE     1DCE       4C      85E       0
                idataBANK0                         1FB0     1FB0       18      85E       0

TOTAL           Name                               Link     Load   Length     Space
        CLASS   STACK          

        CLASS   CODE           
                intcode                               8        8        6         0
                init                                  E        E        4         0
                reset_vec                             0        0        4         0
                text25                             17F4     17F4      10C         0
                intcode_body                       10BC     10BC      2DA         0
                text23                             1FE0     1FE0       16         0
                text22                             1EE8     1EE8       2C         0
                text21                             1900     1900       F6         0
                text20                             1FC8     1FC8       18         0
                text19                             19F6     19F6       C2         0
                text18                             1CCA     1CCA       5E         0
                text17                             1C6A     1C6A       60         0
                text16                             1D28     1D28       54         0
                text15                             1EBC     1EBC       2C         0
                text14                             1F14     1F14       2A         0
                text13                             1F8A     1F8A       26         0
                text12                             1D7C     1D7C       52         0
                text11                             1E1A     1E1A       42         0
                text10                             1AB8     1AB8       A0         0
                text9                              1FF6     1FF6       14         0
                text8                              16C2     16C2      132         0
                text7                              1F64     1F64       26         0
                text6                              155E     155E      164         0
                text5                              1E8C     1E8C       30         0
                text4                              1E5C     1E5C       30         0
                text3                              1B58     1B58       8E         0
                text2                              1BE6     1BE6       84         0
                text1                              1F3E     1F3E       26         0
                text0                              1396     1396      1C8         0
                cinit                              1DCE     1DCE       4C         0
                idataBANK0                         1FB0     1FB0       18         0

        CLASS   CONST          

        CLASS   SMALLCONST     
                smallconst                         1000     1000       BC         0

        CLASS   MEDIUMCONST    

        CLASS   COMRAM         
                temp                                 42       42        1         1
                cstackCOMRAM                          1        1       26         1
                bssCOMRAM                            27       27       1A         1
                bitbssCOMRAM                        208       41        6         1

        CLASS   ABS1           

        CLASS   BIGRAM         

        CLASS   RAM            

        CLASS   BANK0          
                cstackBANK0                          60       60       26         1
                dataBANK0                            A0       A0       18         1
                bssBANK0                             86       86       1A         1

        CLASS   BANK1          

        CLASS   BANK2          

        CLASS   BANK3          

        CLASS   BANK4          

        CLASS   BANK5          

        CLASS   BANK6          

        CLASS   BANK7          

        CLASS   BANK8          

        CLASS   BANK9          

        CLASS   BANK10         

        CLASS   BANK11         

        CLASS   BANK12         

        CLASS   BANK13         

        CLASS   BANK14         

        CLASS   BANK15         

        CLASS   SFR            

        CLASS   FARRAM         

        CLASS   CONFIG         
                config                           300000   300000        E         0

        CLASS   IDLOC          
                idloc                            200000   200000        8         0

        CLASS   EEDATA         



SEGMENTS        Name                           Load    Length   Top    Selector   Space  Class

                reset_vec                      000000  000004  000004         0       0  CODE    
                cstackCOMRAM                   000001  000042  000043         1       1  COMRAM  
                intcode                        000008  00000A  000012         4       0  CODE    
                cstackBANK0                    000060  000058  0000B8        60       1  BANK0   
                smallconst                     001000  0000BC  0010BC       800       0  SMALLCON
                intcode_body                   0010BC  000F4E  00200A       85E       0  CODE    
                idloc                          200000  000008  200008    200000       0  IDLOC   
                config                         300000  00000E  30000E    300000       0  CONFIG  


UNUSED ADDRESS RANGES

        Name                Unused          Largest block    Delta
        BANK0            0000B8-0000FF               48
        BANK1            000100-0001FF              100
        BANK10           000A00-000AFF              100
        BANK11           000B00-000BFF              100
        BANK12           000C00-000CFF              100
        BANK13           000D00-000DFF              100
        BANK14           000E00-000EFF              100
        BANK15           000F00-000F5F               60
        BANK2            000200-0002FF              100
        BANK3            000300-0003FF              100
        BANK4            000400-0004FF              100
        BANK5            000500-0005FF              100
        BANK6            000600-0006FF              100
        BANK7            000700-0007FF              100
        BANK8            000800-0008FF              100
        BANK9            000900-0009FF              100
        BIGRAM           000043-00005F               1D
                         0000B8-000F5F              EA8
        CODE             000004-000007                4
                         000012-000FFF              FEE
                         00200A-01FFFF            1DFF6
        COMRAM           000043-00005F               1D
        CONST            000004-000007                4
                         000012-000FFF              FEE
                         00200A-01FFFF            1DFF6
        EEDATA           F00000-F003FF              400
        MEDIUMCONST      00200A-00FFFF             DFF6
                         011000-01FFFF             F000
        RAM              0000B8-000F5F              100
        SFR              000F60-000FFF               A0
        SMALLCONST       00200A-01FFFF              100
        STACK            0000B8-000F5F              EA8

                                  Symbol Table

?___lwdiv                    cstackCOMRAM 000019
?___lwmod                    cstackCOMRAM 000020
?_check_correct_pass         cstackCOMRAM 000019
?_val_inPot_2Int             cstackCOMRAM 000001
WriteCommandToLCD@Command    cstackCOMRAM 000019
WriteDataToLCD@LCDChar       cstackCOMRAM 000019
WriteStringToLCD@s           cstackCOMRAM 00001A
_ADCON0                      (abs)        000FC2
_ADCON0bits                  (abs)        000FC2
_ADCON1                      (abs)        000FC1
_ADCON2                      (abs)        000FC0
_ADC_timer                   bssCOMRAM    00003B
_ADIE                        (abs)        007CEE
_ADIF                        (abs)        007CF6
_ADON                        (abs)        007E10
_ADRES                       (abs)        000FC3
_ClearLCDScreen              text20       001FC8
_INTCON2bits                 (abs)        000FF1
_INTCONbits                  (abs)        000FF2
_InitLCD                     text21       001900
_LATB                        (abs)        000F8A
_LATB2                       (abs)        007C52
_LATB5                       (abs)        007C55
_LATD4                       (abs)        007C64
_LATD5                       (abs)        007C65
_LATD6                       (abs)        007C66
_LATD7                       (abs)        007C67
_LATH                        (abs)        000F90
_LATH0                       (abs)        007C80
_LATH1                       (abs)        007C81
_LATH2                       (abs)        007C82
_LATH3                       (abs)        007C83
_LATJ                        (abs)        000F91
_PORTA                       (abs)        000F80
_PORTB                       (abs)        000F81
_PORTBbits                   (abs)        000F81
_PORTC                       (abs)        000F82
_PORTD                       (abs)        000F83
_PORTE                       (abs)        000F84
_PORTEbits                   (abs)        000F84
_PORTF                       (abs)        000F85
_PORTG                       (abs)        000F86
_PORTH                       (abs)        000F87
_PORTJ                       (abs)        000F88
_RBIE                        (abs)        007F93
_RBIF                        (abs)        007F90
_RE1button                   text18       001CCA
_T0CON                       (abs)        000FD5
_T1CON                       (abs)        000FCD
_TMR0                        (abs)        000FD6
_TMR0IE                      (abs)        007F95
_TMR0IF                      (abs)        007F92
_TMR0ON                      (abs)        007EAF
_TMR1                        (abs)        000FCE
_TMR1IE                      (abs)        007CE8
_TMR1IF                      (abs)        007CF0
_TMR1ON                      (abs)        007E68
_TRISA                       (abs)        000F92
_TRISB0                      (abs)        007C98
_TRISB1                      (abs)        007C99
_TRISB2                      (abs)        007C9A
_TRISB3                      (abs)        007C9B
_TRISB4                      (abs)        007C9C
_TRISB5                      (abs)        007C9D
_TRISB6                      (abs)        007C9E
_TRISB7                      (abs)        007C9F
_TRISC                       (abs)        000F94
_TRISD4                      (abs)        007CAC
_TRISD5                      (abs)        007CAD
_TRISD6                      (abs)        007CAE
_TRISD7                      (abs)        007CAF
_TRISE                       (abs)        000F96
_TRISE1                      (abs)        007CB1
_TRISF                       (abs)        000F97
_TRISG                       (abs)        000F98
_TRISH                       (abs)        000F99
_TRISH4                      (abs)        007CCC
_TRISJ                       (abs)        000F9A
_ToggleEpinOfLCD             text23       001FE0
_WriteCommandToLCD           text22       001EE8
_WriteDataToLCD              text15       001EBC
_WriteStringToLCD            text14       001F14
__CFG_BOREN$OFF              (abs)        000000
__CFG_DEBUG$OFF              (abs)        000000
__CFG_FCMEN$OFF              (abs)        000000
__CFG_IESO$OFF               (abs)        000000
__CFG_LPT1OSC$OFF            (abs)        000000
__CFG_LVP$OFF                (abs)        000000
__CFG_MCLRE$ON               (abs)        000000
__CFG_OSC$HSPLL              (abs)        000000
__CFG_PWRT$OFF               (abs)        000000
__CFG_WDT$OFF                (abs)        000000
__CFG_XINST$OFF              (abs)        000000
__HRAM                       (abs)        000000
__Habs1                      abs1         000000
__Hbank0                     bank0        000000
__Hbank1                     bank1        000000
__Hbank10                    bank10       000000
__Hbank11                    bank11       000000
__Hbank12                    bank12       000000
__Hbank13                    bank13       000000
__Hbank14                    bank14       000000
__Hbank15                    bank15       000000
__Hbank2                     bank2        000000
__Hbank3                     bank3        000000
__Hbank4                     bank4        000000
__Hbank5                     bank5        000000
__Hbank6                     bank6        000000
__Hbank7                     bank7        000000
__Hbank8                     bank8        000000
__Hbank9                     bank9        000000
__Hbigbss                    bigbss       000000
__Hbigdata                   bigdata      000000
__Hbigram                    bigram       000000
__HbitbssCOMRAM              bitbssCOMRAM 000000
__Hbss                       bss          000000
__HbssBANK0                  bssBANK0     000000
__HbssCOMRAM                 bssCOMRAM    000000
__Hcinit                     cinit        000000
__Hclrtext                   clrtext      000000
__Hcomram                    comram       000000
__Hconfig                    config       30000E
__Hconst                     const        000000
__HcstackBANK0               cstackBANK0  000000
__HcstackCOMRAM              cstackCOMRAM 000000
__Hdata                      data         000000
__HdataBANK0                 dataBANK0    000000
__Heeprom_data               eeprom_data  000000
__Hfarbss                    farbss       000000
__Hfardata                   fardata      000000
__Hibigdata                  ibigdata     000000
__Hidata                     idata        000000
__HidataBANK0                idataBANK0   000000
__Hidloc                     idloc        200008
__Hifardata                  ifardata     000000
__Hinit                      init         000012
__Hintcode                   intcode      00000E
__Hintcode_body              intcode_body 000000
__Hintcodelo                 intcodelo    00000E
__Hintentry                  intentry     000000
__Hintret                    intret       000000
__Hintsave_regs              intsave_regs 000000
__Hirdata                    irdata       000000
__Hmediumconst               mediumconst  000000
__HnvFARRAM                  nvFARRAM     000000
__Hnvbit                     nvbit        000000
__Hnvrram                    nvrram       000000
__Hparam                     rparam       000000
__Hpowerup                   powerup      00000E
__Hram                       ram          000000
__Hramtop                    ramtop       001000
__Hrbit                      rbit         000000
__Hrbss                      rbss         000000
__Hrdata                     rdata        000000
__Hreset_vec                 reset_vec    000004
__Hrparam                    rparam       000000
__Hsfr                       sfr          000000
__Hsmallconst                smallconst   0010BC
__Hspace_0                   (abs)        30000E
__Hspace_1                   (abs)        00020E
__Hspace_2                   (abs)        000000
__Hstack                     stack        000000
__Hstruct                    struct       000000
__Htemp                      temp         000043
__Htext                      text         000000
__Htext0                     text0        000000
__Htext1                     text1        000000
__Htext10                    text10       000000
__Htext11                    text11       000000
__Htext12                    text12       000000
__Htext13                    text13       000000
__Htext14                    text14       000000
__Htext15                    text15       000000
__Htext16                    text16       000000
__Htext17                    text17       000000
__Htext18                    text18       000000
__Htext19                    text19       000000
__Htext2                     text2        000000
__Htext20                    text20       000000
__Htext21                    text21       000000
__Htext22                    text22       000000
__Htext23                    text23       000000
__Htext25                    text25       000000
__Htext3                     text3        000000
__Htext4                     text4        000000
__Htext5                     text5        000000
__Htext6                     text6        000000
__Htext7                     text7        000000
__Htext8                     text8        000000
__Htext9                     text9        000000
__LRAM                       (abs)        000001
__Labs1                      abs1         000000
__Lbank0                     bank0        000000
__Lbank1                     bank1        000000
__Lbank10                    bank10       000000
__Lbank11                    bank11       000000
__Lbank12                    bank12       000000
__Lbank13                    bank13       000000
__Lbank14                    bank14       000000
__Lbank15                    bank15       000000
__Lbank2                     bank2        000000
__Lbank3                     bank3        000000
__Lbank4                     bank4        000000
__Lbank5                     bank5        000000
__Lbank6                     bank6        000000
__Lbank7                     bank7        000000
__Lbank8                     bank8        000000
__Lbank9                     bank9        000000
__Lbigbss                    bigbss       000000
__Lbigdata                   bigdata      000000
__Lbigram                    bigram       000000
__LbitbssCOMRAM              bitbssCOMRAM 000000
__Lbss                       bss          000000
__LbssBANK0                  bssBANK0     000000
__LbssCOMRAM                 bssCOMRAM    000000
__Lcinit                     cinit        000000
__Lclrtext                   clrtext      000000
__Lcomram                    comram       000000
__Lconfig                    config       300000
__Lconst                     const        000000
__LcstackBANK0               cstackBANK0  000000
__LcstackCOMRAM              cstackCOMRAM 000000
__Ldata                      data         000000
__LdataBANK0                 dataBANK0    000000
__Leeprom_data               eeprom_data  000000
__Lfarbss                    farbss       000000
__Lfardata                   fardata      000000
__Libigdata                  ibigdata     000000
__Lidata                     idata        000000
__LidataBANK0                idataBANK0   000000
__Lidloc                     idloc        200000
__Lifardata                  ifardata     000000
__Linit                      init         00000E
__Lintcode                   intcode      000008
__Lintcode_body              intcode_body 000000
__Lintcodelo                 intcodelo    00000E
__Lintentry                  intentry     000000
__Lintret                    intret       000000
__Lintsave_regs              intsave_regs 000000
__Lirdata                    irdata       000000
__Lmediumconst               mediumconst  000000
__LnvFARRAM                  nvFARRAM     000000
__Lnvbit                     nvbit        000000
__Lnvrram                    nvrram       000000
__Lparam                     rparam       000000
__Lpowerup                   powerup      00000E
__Lram                       ram          000000
__Lramtop                    ramtop       001000
__Lrbit                      rbit         000000
__Lrbss                      rbss         000000
__Lrdata                     rdata        000000
__Lreset_vec                 reset_vec    000000
__Lrparam                    rparam       000000
__Lsfr                       sfr          000000
__Lsmallconst                smallconst   001000
__Lspace_0                   (abs)        000000
__Lspace_1                   (abs)        000000
__Lspace_2                   (abs)        000000
__Lstack                     stack        000000
__Lstruct                    struct       000000
__Ltemp                      temp         000042
__Ltext                      text         000000
__Ltext0                     text0        000000
__Ltext1                     text1        000000
__Ltext10                    text10       000000
__Ltext11                    text11       000000
__Ltext12                    text12       000000
__Ltext13                    text13       000000
__Ltext14                    text14       000000
__Ltext15                    text15       000000
__Ltext16                    text16       000000
__Ltext17                    text17       000000
__Ltext18                    text18       000000
__Ltext19                    text19       000000
__Ltext2                     text2        000000
__Ltext20                    text20       000000
__Ltext21                    text21       000000
__Ltext22                    text22       000000
__Ltext23                    text23       000000
__Ltext25                    text25       000000
__Ltext3                     text3        000000
__Ltext4                     text4        000000
__Ltext5                     text5        000000
__Ltext6                     text6        000000
__Ltext7                     text7        000000
__Ltext8                     text8        000000
__Ltext9                     text9        000000
__S0                         (abs)        30000E
__S1                         (abs)        0000B8
__S2                         (abs)        000000
___extmem_base               (abs)        020000
___inthi_sp                  stack        000000
___intlo_sp                  stack        000000
___lwdiv                     text12       001D7C
___lwdiv@counter             cstackCOMRAM 00001D
___lwdiv@dividend            cstackCOMRAM 000019
___lwdiv@divisor             cstackCOMRAM 00001B
___lwdiv@quotient            cstackCOMRAM 00001E
___lwmod                     text11       001E1A
___lwmod@counter             cstackCOMRAM 000024
___lwmod@dividend            cstackCOMRAM 000020
___lwmod@divisor             cstackCOMRAM 000022
___param_bank                (abs)        000000
___rparam_used               (abs)        000001
___sp                        stack        000000
__accesstop                  (abs)        000060
__activetblptr               (abs)        000001
__end_of_ClearLCDScreen      text20       001FE0
__end_of_InitLCD             text21       0019F6
__end_of_RE1button           text18       001D28
__end_of_ToggleEpinOfLCD     text23       001FF6
__end_of_WriteCommandToLCD   text22       001F14
__end_of_WriteDataToLCD      text15       001EE8
__end_of_WriteStringToLCD    text14       001F3E
__end_of___lwdiv             text12       001DCE
__end_of___lwmod             text11       001E5C
__end_of__initialization     cinit        001E08
__end_of_check_correct_pass  text17       001CCA
__end_of_delay_3_sec         text16       001D7C
__end_of_display120sec_Int   text10       001B58
__end_of_display_7_segment   text19       001AB8
__end_of_endLCD              text13       001FB0
__end_of_enter_pin           text8        0017F4
__end_of_first_message       text7        001F8A
__end_of_init                text6        0016C2
__end_of_isr                 intcode_body 001396
__end_of_main                text0        00155E
__end_of_next_char           text5        001EBC
__end_of_next_char2          text4        001E8C
__end_of_num_to_char         text9        00200A
__end_of_set_a_pin_message   text3        001BE6
__end_of_show_password       text2        001C6A
__end_of_val_inPot_2Int      text25       001900
__end_of_write_wait_20sec    text1        001F64
__initialization             cinit        001DCE
__mediumconst                mediumconst  000000
__pbitbssCOMRAM              bitbssCOMRAM 000208
__pbssBANK0                  bssBANK0     000086
__pbssCOMRAM                 bssCOMRAM    000027
__pcinit                     cinit        001DCE
__pcstackBANK0               cstackBANK0  000060
__pcstackCOMRAM              cstackCOMRAM 000001
__pdataBANK0                 dataBANK0    0000A0
__pidataBANK0                idataBANK0   001FB0
__pintcode                   intcode      000008
__pintcode_body              intcode_body 0010BC
__psmallconst                smallconst   001000
__ptext0                     text0        001396
__ptext1                     text1        001F3E
__ptext10                    text10       001AB8
__ptext11                    text11       001E1A
__ptext12                    text12       001D7C
__ptext13                    text13       001F8A
__ptext14                    text14       001F14
__ptext15                    text15       001EBC
__ptext16                    text16       001D28
__ptext17                    text17       001C6A
__ptext18                    text18       001CCA
__ptext19                    text19       0019F6
__ptext2                     text2        001BE6
__ptext20                    text20       001FC8
__ptext21                    text21       001900
__ptext22                    text22       001EE8
__ptext23                    text23       001FE0
__ptext25                    text25       0017F4
__ptext3                     text3        001B58
__ptext4                     text4        001E5C
__ptext5                     text5        001E8C
__ptext6                     text6        00155E
__ptext7                     text7        001F64
__ptext8                     text8        0016C2
__ptext9                     text9        001FF6
__ramtop                     ramtop       001000
__size_of_ClearLCDScreen     (abs)        000000
__size_of_InitLCD            (abs)        000000
__size_of_RE1button          (abs)        000000
__size_of_ToggleEpinOfLCD    (abs)        000000
__size_of_WriteCommandToLCD  (abs)        000000
__size_of_WriteDataToLCD     (abs)        000000
__size_of_WriteStringToLCD   (abs)        000000
__size_of___lwdiv            (abs)        000000
__size_of___lwmod            (abs)        000000
__size_of_check_correct_pass (abs)        000000
__size_of_delay_3_sec        (abs)        000000
__size_of_display120sec_Int  (abs)        000000
__size_of_display_7_segment  (abs)        000000
__size_of_endLCD             (abs)        000000
__size_of_enter_pin          (abs)        000000
__size_of_first_message      (abs)        000000
__size_of_init               (abs)        000000
__size_of_isr                (abs)        000000
__size_of_main               (abs)        000000
__size_of_next_char          (abs)        000000
__size_of_next_char2         (abs)        000000
__size_of_num_to_char        (abs)        000000
__size_of_set_a_pin_message  (abs)        000000
__size_of_show_password      (abs)        000000
__size_of_val_inPot_2Int     (abs)        000000
__size_of_write_wait_20sec   (abs)        000000
__smallconst                 smallconst   001000
_attempt_num                 bssCOMRAM    00002B
_b6_pressed                  bitbssCOMRAM 00020C
_blank_val                   bssCOMRAM    000027
_blink_timer                 bssCOMRAM    00003D
_check_correct_pass          text17       001C6A
_counter_120sec              bssCOMRAM    000031
_counter_20sec               bssBANK0     000098
_counter_to_read_val         bssCOMRAM    00003F
_cur_val_inPot               bssCOMRAM    000039
_delay_3_sec                 text16       001D28
_diff_val                    bssBANK0     00009E
_diff_val2                   bssCOMRAM    000035
_display120sec_Int           text10       001AB8
_display_7_segment           text19       0019F6
_endLCD                      text13       001F8A
_enter_pin                   text8        0016C2
_entered_pass                bssBANK0     000086
_first_message               text7        001F64
_flag120sec                  bssCOMRAM    00002F
_flag20sec                   bssCOMRAM    00002D
_init                        text6        00155E
_isBlank                     bitbssCOMRAM 00020B
_isEnterPin                  bitbssCOMRAM 000208
_isr                         intcode      000008
_line_toggle                 bitbssCOMRAM 00020A
_main                        text0        001396
_next_char                   text5        001E8C
_next_char2                  text4        001E5C
_num_to_char                 text9        001FF6
_password_int                bssBANK0     00008E
_pin_full                    bitbssCOMRAM 00020D
_pre_val_inPot               bssCOMRAM    000037
_set_a_pin_message           text3        001B58
_sh_pass_count               bssBANK0     00009A
_sh_pass_timer               bssBANK0     00009C
_show_password               text2        001BE6
_timer_1sec                  bssBANK0     000096
_toggle                      bitbssCOMRAM 000209
_val_inPot                   bssCOMRAM    000033
_val_inPot_2Int              text25       0017F4
_write_wait_20sec            text1        001F3E
btemp                        temp         000042
check_correct_pass@i         cstackCOMRAM 00001F
delay_3_sec@c                cstackCOMRAM 000024
display120sec_Int@a1         cstackBANK0  000078
display120sec_Int@a2         cstackBANK0  00007A
display120sec_Int@a3         cstackBANK0  00007C
display120sec_Int@a4         cstackBANK0  00007E
display_7_segment@F5548      dataBANK0    0000A0
display_7_segment@d0         cstackCOMRAM 000019
display_7_segment@d1         cstackCOMRAM 00001B
display_7_segment@d2         cstackCOMRAM 00001D
display_7_segment@d3         cstackCOMRAM 00001F
display_7_segment@symbols    cstackBANK0  000060
end_of_initialization        cinit        001E08
init@i                       cstackCOMRAM 000019
init@i_530                   cstackCOMRAM 00001B
int$flags                    temp         000042
int_func                     intcode_body 0010BC
intlevel0                    text         000000
intlevel1                    text         000000
intlevel2                    text         000000
intlevel3                    text         000000
isr@i                        cstackCOMRAM 000017
main@i                       cstackBANK0  000080
main@i_627                   cstackBANK0  000082
main@i_628                   cstackBANK0  000084
num_to_char@x                cstackCOMRAM 000019
num_to_char@y                cstackCOMRAM 00001B
stackhi                      (abs)        000F5F
stacklo                      (abs)        0000B8
start                        init         00000E
start_initialization         cinit        001DCE
wtemp6                       temp         000043


FUNCTION INFORMATION:

 *************** function _main *****************
 Defined at:
		line 535 in file "the3.c"
 Parameters:    Size  Location     Type
		None
 Auto vars:     Size  Location     Type
  i               2   36[BANK0 ] unsigned int 
  i               2   34[BANK0 ] unsigned int 
  i               2   32[BANK0 ] int 
 Return value:  Size  Location     Type
                  1    wreg      void 
 Registers used:
		wreg, fsr1l, fsr1h, fsr2l, fsr2h, status,2, status,0, tblptrl, tblptrh, tblptru, cstack
 Tracked objects:
		On entry : 
		On exit  : 
		Unchanged: 
 Data sizes:     COMRAM   BANK0   BANK1   BANK2   BANK3   BANK4   BANK5   BANK6   BANK7   BANK8   BANK9  BANK10  BANK11  BANK12  BANK13  BANK14  BANK15
      Params:         0       0       0       0       0       0       0       0       0       0       0       0       0       0       0       0       0
      Locals:         0       6       0       0       0       0       0       0       0       0       0       0       0       0       0       0       0
      Temps:          1       0       0       0       0       0       0       0       0       0       0       0       0       0       0       0       0
      Totals:         1       6       0       0       0       0       0       0       0       0       0       0       0       0       0       0       0
Total ram usage:        7 bytes
 Hardware stack levels required when called:    6
 This function calls:
		_ClearLCDScreen
		_InitLCD
		_RE1button
		_check_correct_pass
		_delay_3_sec
		_display120sec_Int
		_display_7_segment
		_endLCD
		_enter_pin
		_first_message
		_init
		_next_char
		_next_char2
		_set_a_pin_message
		_show_password
		_write_wait_20sec
 This function is called by:
		Startup code after reset
 This function uses a non-reentrant model


 *************** function _write_wait_20sec *****************
 Defined at:
		line 518 in file "the3.c"
 Parameters:    Size  Location     Type
		None
 Auto vars:     Size  Location     Type
		None
 Return value:  Size  Location     Type
                  1    wreg      void 
 Registers used:
		wreg, status,2, status,0, tblptrl, tblptrh, tblptru, cstack
 Tracked objects:
		On entry : 
		On exit  : 
		Unchanged: 
 Data sizes:     COMRAM   BANK0   BANK1   BANK2   BANK3   BANK4   BANK5   BANK6   BANK7   BANK8   BANK9  BANK10  BANK11  BANK12  BANK13  BANK14  BANK15
      Params:         0       0       0       0       0       0       0       0       0       0       0       0       0       0       0       0       0
      Locals:         0       0       0       0       0       0       0       0       0       0       0       0       0       0       0       0       0
      Temps:          0       0       0       0       0       0       0       0       0       0       0       0       0       0       0       0       0
      Totals:         0       0       0       0       0       0       0       0       0       0       0       0       0       0       0       0       0
Total ram usage:        0 bytes
 Hardware stack levels used:    1
 Hardware stack levels required when called:    5
 This function calls:
		_WriteCommandToLCD
		_WriteStringToLCD
 This function is called by:
		_main
 This function uses a non-reentrant model


 *************** function _show_password *****************
 Defined at:
		line 263 in file "the3.c"
 Parameters:    Size  Location     Type
		None
 Auto vars:     Size  Location     Type
		None
 Return value:  Size  Location     Type
                  1    wreg      void 
 Registers used:
		wreg, status,2, status,0, tblptrl, tblptrh, tblptru, cstack
 Tracked objects:
		On entry : 
		On exit  : 
		Unchanged: 
 Data sizes:     COMRAM   BANK0   BANK1   BANK2   BANK3   BANK4   BANK5   BANK6   BANK7   BANK8   BANK9  BANK10  BANK11  BANK12  BANK13  BANK14  BANK15
      Params:         0       0       0       0       0       0       0       0       0       0       0       0       0       0       0       0       0
      Locals:         0       0       0       0       0       0       0       0       0       0       0       0       0       0       0       0       0
      Temps:          0       0       0       0       0       0       0       0       0       0       0       0       0       0       0       0       0
      Totals:         0       0       0       0       0       0       0       0       0       0       0       0       0       0       0       0       0
Total ram usage:        0 bytes
 Hardware stack levels used:    1
 Hardware stack levels required when called:    5
 This function calls:
		_ClearLCDScreen
		_WriteCommandToLCD
		_WriteDataToLCD
		_WriteStringToLCD
 This function is called by:
		_main
 This function uses a non-reentrant model


 *************** function _set_a_pin_message *****************
 Defined at:
		line 208 in file "the3.c"
 Parameters:    Size  Location     Type
		None
 Auto vars:     Size  Location     Type
		None
 Return value:  Size  Location     Type
                  1    wreg      void 
 Registers used:
		wreg, status,2, status,0, tblptrl, tblptrh, tblptru, cstack
 Tracked objects:
		On entry : 
		On exit  : 
		Unchanged: 
 Data sizes:     COMRAM   BANK0   BANK1   BANK2   BANK3   BANK4   BANK5   BANK6   BANK7   BANK8   BANK9  BANK10  BANK11  BANK12  BANK13  BANK14  BANK15
      Params:         0       0       0       0       0       0       0       0       0       0       0       0       0       0       0       0       0
      Locals:         0       0       0       0       0       0       0       0       0       0       0       0       0       0       0       0       0
      Temps:          0       0       0       0       0       0       0       0       0       0       0       0       0       0       0       0       0
      Totals:         0       0       0       0       0       0       0       0       0       0       0       0       0       0       0       0       0
Total ram usage:        0 bytes
 Hardware stack levels used:    1
 Hardware stack levels required when called:    5
 This function calls:
		_WriteCommandToLCD
		_WriteDataToLCD
		_WriteStringToLCD
		_num_to_char
 This function is called by:
		_main
 This function uses a non-reentrant model


 *************** function _next_char2 *****************
 Defined at:
		line 255 in file "the3.c"
 Parameters:    Size  Location     Type
		None
 Auto vars:     Size  Location     Type
		None
 Return value:  Size  Location     Type
                  1    wreg      void 
 Registers used:
		wreg, fsr2l, fsr2h, status,2, status,0
 Tracked objects:
		On entry : 
		On exit  : 
		Unchanged: 
 Data sizes:     COMRAM   BANK0   BANK1   BANK2   BANK3   BANK4   BANK5   BANK6   BANK7   BANK8   BANK9  BANK10  BANK11  BANK12  BANK13  BANK14  BANK15
      Params:         0       0       0       0       0       0       0       0       0       0       0       0       0       0       0       0       0
      Locals:         0       0       0       0       0       0       0       0       0       0       0       0       0       0       0       0       0
      Temps:          2       0       0       0       0       0       0       0       0       0       0       0       0       0       0       0       0
      Totals:         2       0       0       0       0       0       0       0       0       0       0       0       0       0       0       0       0
Total ram usage:        2 bytes
 Hardware stack levels used:    1
 Hardware stack levels required when called:    2
 This function calls:
		Nothing
 This function is called by:
		_main
 This function uses a non-reentrant model


 *************** function _next_char *****************
 Defined at:
		line 247 in file "the3.c"
 Parameters:    Size  Location     Type
		None
 Auto vars:     Size  Location     Type
		None
 Return value:  Size  Location     Type
                  1    wreg      void 
 Registers used:
		wreg, fsr2l, fsr2h, status,2, status,0
 Tracked objects:
		On entry : 
		On exit  : 
		Unchanged: 
 Data sizes:     COMRAM   BANK0   BANK1   BANK2   BANK3   BANK4   BANK5   BANK6   BANK7   BANK8   BANK9  BANK10  BANK11  BANK12  BANK13  BANK14  BANK15
      Params:         0       0       0       0       0       0       0       0       0       0       0       0       0       0       0       0       0
      Locals:         0       0       0       0       0       0       0       0       0       0       0       0       0       0       0       0       0
      Temps:          2       0       0       0       0       0       0       0       0       0       0       0       0       0       0       0       0
      Totals:         2       0       0       0       0       0       0       0       0       0       0       0       0       0       0       0       0
Total ram usage:        2 bytes
 Hardware stack levels used:    1
 Hardware stack levels required when called:    2
 This function calls:
		Nothing
 This function is called by:
		_main
 This function uses a non-reentrant model


 *************** function _init *****************
 Defined at:
		line 64 in file "the3.c"
 Parameters:    Size  Location     Type
		None
 Auto vars:     Size  Location     Type
  i               2   26[COMRAM] unsigned int 
  i               2   24[COMRAM] unsigned int 
 Return value:  Size  Location     Type
                  1    wreg      void 
 Registers used:
		wreg, fsr2l, fsr2h, status,2, status,0
 Tracked objects:
		On entry : 
		On exit  : 
		Unchanged: 
 Data sizes:     COMRAM   BANK0   BANK1   BANK2   BANK3   BANK4   BANK5   BANK6   BANK7   BANK8   BANK9  BANK10  BANK11  BANK12  BANK13  BANK14  BANK15
      Params:         0       0       0       0       0       0       0       0       0       0       0       0       0       0       0       0       0
      Locals:         4       0       0       0       0       0       0       0       0       0       0       0       0       0       0       0       0
      Temps:          0       0       0       0       0       0       0       0       0       0       0       0       0       0       0       0       0
      Totals:         4       0       0       0       0       0       0       0       0       0       0       0       0       0       0       0       0
Total ram usage:        4 bytes
 Hardware stack levels used:    1
 Hardware stack levels required when called:    2
 This function calls:
		Nothing
 This function is called by:
		_main
 This function uses a non-reentrant model


 *************** function _first_message *****************
 Defined at:
		line 136 in file "the3.c"
 Parameters:    Size  Location     Type
		None
 Auto vars:     Size  Location     Type
		None
 Return value:  Size  Location     Type
                  1    wreg      void 
 Registers used:
		wreg, status,2, status,0, tblptrl, tblptrh, tblptru, cstack
 Tracked objects:
		On entry : 
		On exit  : 
		Unchanged: 
 Data sizes:     COMRAM   BANK0   BANK1   BANK2   BANK3   BANK4   BANK5   BANK6   BANK7   BANK8   BANK9  BANK10  BANK11  BANK12  BANK13  BANK14  BANK15
      Params:         0       0       0       0       0       0       0       0       0       0       0       0       0       0       0       0       0
      Locals:         0       0       0       0       0       0       0       0       0       0       0       0       0       0       0       0       0
      Temps:          0       0       0       0       0       0       0       0       0       0       0       0       0       0       0       0       0
      Totals:         0       0       0       0       0       0       0       0       0       0       0       0       0       0       0       0       0
Total ram usage:        0 bytes
 Hardware stack levels used:    1
 Hardware stack levels required when called:    5
 This function calls:
		_WriteCommandToLCD
		_WriteStringToLCD
 This function is called by:
		_main
 This function uses a non-reentrant model


 *************** function _enter_pin *****************
 Defined at:
		line 454 in file "the3.c"
 Parameters:    Size  Location     Type
		None
 Auto vars:     Size  Location     Type
		None
 Return value:  Size  Location     Type
                  1    wreg      void 
 Registers used:
		wreg, fsr1l, fsr1h, fsr2l, fsr2h, status,2, status,0, tblptrl, tblptrh, tblptru, cstack
 Tracked objects:
		On entry : 
		On exit  : 
		Unchanged: 
 Data sizes:     COMRAM   BANK0   BANK1   BANK2   BANK3   BANK4   BANK5   BANK6   BANK7   BANK8   BANK9  BANK10  BANK11  BANK12  BANK13  BANK14  BANK15
      Params:         0       0       0       0       0       0       0       0       0       0       0       0       0       0       0       0       0
      Locals:         0       0       0       0       0       0       0       0       0       0       0       0       0       0       0       0       0
      Temps:          0       0       0       0       0       0       0       0       0       0       0       0       0       0       0       0       0
      Totals:         0       0       0       0       0       0       0       0       0       0       0       0       0       0       0       0       0
Total ram usage:        0 bytes
 Hardware stack levels used:    1
 Hardware stack levels required when called:    5
 This function calls:
		_WriteCommandToLCD
		_WriteDataToLCD
		_WriteStringToLCD
		_display120sec_Int
		_num_to_char
 This function is called by:
		_main
 This function uses a non-reentrant model


 *************** function _num_to_char *****************
 Defined at:
		line 198 in file "the3.c"
 Parameters:    Size  Location     Type
  x               2   24[COMRAM] int 
  y               1   26[COMRAM] unsigned char 
 Auto vars:     Size  Location     Type
		None
 Return value:  Size  Location     Type
                  1    wreg      unsigned char 
 Registers used:
		wreg, status,2, status,0
 Tracked objects:
		On entry : 
		On exit  : 
		Unchanged: 
 Data sizes:     COMRAM   BANK0   BANK1   BANK2   BANK3   BANK4   BANK5   BANK6   BANK7   BANK8   BANK9  BANK10  BANK11  BANK12  BANK13  BANK14  BANK15
      Params:         3       0       0       0       0       0       0       0       0       0       0       0       0       0       0       0       0
      Locals:         0       0       0       0       0       0       0       0       0       0       0       0       0       0       0       0       0
      Temps:          0       0       0       0       0       0       0       0       0       0       0       0       0       0       0       0       0
      Totals:         3       0       0       0       0       0       0       0       0       0       0       0       0       0       0       0       0
Total ram usage:        3 bytes
 Hardware stack levels used:    1
 Hardware stack levels required when called:    2
 This function calls:
		Nothing
 This function is called by:
		_set_a_pin_message
		_enter_pin
 This function uses a non-reentrant model


 *************** function _display120sec_Int *****************
 Defined at:
		line 298 in file "the3.c"
 Parameters:    Size  Location     Type
		None
 Auto vars:     Size  Location     Type
  a4              2   30[BANK0 ] unsigned int 
  a3              2   28[BANK0 ] unsigned int 
  a2              2   26[BANK0 ] unsigned int 
  a1              2   24[BANK0 ] unsigned int 
 Return value:  Size  Location     Type
                  1    wreg      void 
 Registers used:
		wreg, fsr1l, fsr1h, fsr2l, fsr2h, status,2, status,0, cstack
 Tracked objects:
		On entry : 
		On exit  : 
		Unchanged: 
 Data sizes:     COMRAM   BANK0   BANK1   BANK2   BANK3   BANK4   BANK5   BANK6   BANK7   BANK8   BANK9  BANK10  BANK11  BANK12  BANK13  BANK14  BANK15
      Params:         0       0       0       0       0       0       0       0       0       0       0       0       0       0       0       0       0
      Locals:         0       8       0       0       0       0       0       0       0       0       0       0       0       0       0       0       0
      Temps:          0       0       0       0       0       0       0       0       0       0       0       0       0       0       0       0       0
      Totals:         0       8       0       0       0       0       0       0       0       0       0       0       0       0       0       0       0
Total ram usage:        8 bytes
 Hardware stack levels used:    1
 Hardware stack levels required when called:    3
 This function calls:
		___lwdiv
		___lwmod
		_display_7_segment
 This function is called by:
		_enter_pin
		_main
 This function uses a non-reentrant model


 *************** function ___lwmod *****************
 Defined at:
		line 8 in file "C:\Program Files (x86)\Microchip\xc8\v1.45\sources\common\lwmod.c"
 Parameters:    Size  Location     Type
  dividend        2   31[COMRAM] unsigned int 
  divisor         2   33[COMRAM] unsigned int 
 Auto vars:     Size  Location     Type
  counter         1   35[COMRAM] unsigned char 
 Return value:  Size  Location     Type
                  2   31[COMRAM] unsigned int 
 Registers used:
		wreg, status,2, status,0
 Tracked objects:
		On entry : 
		On exit  : 
		Unchanged: 
 Data sizes:     COMRAM   BANK0   BANK1   BANK2   BANK3   BANK4   BANK5   BANK6   BANK7   BANK8   BANK9  BANK10  BANK11  BANK12  BANK13  BANK14  BANK15
      Params:         4       0       0       0       0       0       0       0       0       0       0       0       0       0       0       0       0
      Locals:         1       0       0       0       0       0       0       0       0       0       0       0       0       0       0       0       0
      Temps:          0       0       0       0       0       0       0       0       0       0       0       0       0       0       0       0       0
      Totals:         5       0       0       0       0       0       0       0       0       0       0       0       0       0       0       0       0
Total ram usage:        5 bytes
 Hardware stack levels used:    1
 Hardware stack levels required when called:    2
 This function calls:
		Nothing
 This function is called by:
		_display120sec_Int
 This function uses a non-reentrant model


 *************** function ___lwdiv *****************
 Defined at:
		line 8 in file "C:\Program Files (x86)\Microchip\xc8\v1.45\sources\common\lwdiv.c"
 Parameters:    Size  Location     Type
  dividend        2   24[COMRAM] unsigned int 
  divisor         2   26[COMRAM] unsigned int 
 Auto vars:     Size  Location     Type
  quotient        2   29[COMRAM] unsigned int 
  counter         1   28[COMRAM] unsigned char 
 Return value:  Size  Location     Type
                  2   24[COMRAM] unsigned int 
 Registers used:
		wreg, status,2, status,0
 Tracked objects:
		On entry : 
		On exit  : 
		Unchanged: 
 Data sizes:     COMRAM   BANK0   BANK1   BANK2   BANK3   BANK4   BANK5   BANK6   BANK7   BANK8   BANK9  BANK10  BANK11  BANK12  BANK13  BANK14  BANK15
      Params:         4       0       0       0       0       0       0       0       0       0       0       0       0       0       0       0       0
      Locals:         3       0       0       0       0       0       0       0       0       0       0       0       0       0       0       0       0
      Temps:          0       0       0       0       0       0       0       0       0       0       0       0       0       0       0       0       0
      Totals:         7       0       0       0       0       0       0       0       0       0       0       0       0       0       0       0       0
Total ram usage:        7 bytes
 Hardware stack levels used:    1
 Hardware stack levels required when called:    2
 This function calls:
		Nothing
 This function is called by:
		_display120sec_Int
 This function uses a non-reentrant model


 *************** function _endLCD *****************
 Defined at:
		line 509 in file "the3.c"
 Parameters:    Size  Location     Type
		None
 Auto vars:     Size  Location     Type
		None
 Return value:  Size  Location     Type
                  1    wreg      void 
 Registers used:
		wreg, status,2, status,0, tblptrl, tblptrh, tblptru, cstack
 Tracked objects:
		On entry : 
		On exit  : 
		Unchanged: 
 Data sizes:     COMRAM   BANK0   BANK1   BANK2   BANK3   BANK4   BANK5   BANK6   BANK7   BANK8   BANK9  BANK10  BANK11  BANK12  BANK13  BANK14  BANK15
      Params:         0       0       0       0       0       0       0       0       0       0       0       0       0       0       0       0       0
      Locals:         0       0       0       0       0       0       0       0       0       0       0       0       0       0       0       0       0
      Temps:          0       0       0       0       0       0       0       0       0       0       0       0       0       0       0       0       0
      Totals:         0       0       0       0       0       0       0       0       0       0       0       0       0       0       0       0       0
Total ram usage:        0 bytes
 Hardware stack levels used:    1
 Hardware stack levels required when called:    5
 This function calls:
		_WriteCommandToLCD
		_WriteStringToLCD
 This function is called by:
		_main
 This function uses a non-reentrant model


 *************** function _WriteStringToLCD *****************
 Defined at:
		line 115 in file "LCD.c"
 Parameters:    Size  Location     Type
  s               2   25[COMRAM] PTR const unsigned char 
		 -> STR_14(17), STR_13(17), STR_12(17), STR_11(17), 
		 -> STR_10(5), STR_9(12), STR_8(12), STR_7(7), 
		 -> STR_6(7), STR_5(17), STR_4(17), STR_3(12), 
		 -> STR_2(17), STR_1(17), 
 Auto vars:     Size  Location     Type
		None
 Return value:  Size  Location     Type
                  1    wreg      void 
 Registers used:
		wreg, status,2, status,0, tblptrl, tblptrh, tblptru, cstack
 Tracked objects:
		On entry : 
		On exit  : 
		Unchanged: 
 Data sizes:     COMRAM   BANK0   BANK1   BANK2   BANK3   BANK4   BANK5   BANK6   BANK7   BANK8   BANK9  BANK10  BANK11  BANK12  BANK13  BANK14  BANK15
      Params:         2       0       0       0       0       0       0       0       0       0       0       0       0       0       0       0       0
      Locals:         0       0       0       0       0       0       0       0       0       0       0       0       0       0       0       0       0
      Temps:          0       0       0       0       0       0       0       0       0       0       0       0       0       0       0       0       0
      Totals:         2       0       0       0       0       0       0       0       0       0       0       0       0       0       0       0       0
Total ram usage:        2 bytes
 Hardware stack levels used:    1
 Hardware stack levels required when called:    4
 This function calls:
		_WriteDataToLCD
 This function is called by:
		_first_message
		_set_a_pin_message
		_show_password
		_enter_pin
		_endLCD
		_write_wait_20sec
 This function uses a non-reentrant model


 *************** function _WriteDataToLCD *****************
 Defined at:
		line 28 in file "LCD.c"
 Parameters:    Size  Location     Type
  LCDChar         1    wreg     unsigned char 
 Auto vars:     Size  Location     Type
  LCDChar         1   24[COMRAM] unsigned char 
 Return value:  Size  Location     Type
                  1    wreg      void 
 Registers used:
		wreg, status,2, status,0, cstack
 Tracked objects:
		On entry : 
		On exit  : 
		Unchanged: 
 Data sizes:     COMRAM   BANK0   BANK1   BANK2   BANK3   BANK4   BANK5   BANK6   BANK7   BANK8   BANK9  BANK10  BANK11  BANK12  BANK13  BANK14  BANK15
      Params:         0       0       0       0       0       0       0       0       0       0       0       0       0       0       0       0       0
      Locals:         1       0       0       0       0       0       0       0       0       0       0       0       0       0       0       0       0
      Temps:          0       0       0       0       0       0       0       0       0       0       0       0       0       0       0       0       0
      Totals:         1       0       0       0       0       0       0       0       0       0       0       0       0       0       0       0       0
Total ram usage:        1 bytes
 Hardware stack levels used:    1
 Hardware stack levels required when called:    3
 This function calls:
		_ToggleEpinOfLCD
 This function is called by:
		_WriteStringToLCD
		_set_a_pin_message
		_show_password
		_enter_pin
 This function uses a non-reentrant model


 *************** function _delay_3_sec *****************
 Defined at:
		line 188 in file "the3.c"
 Parameters:    Size  Location     Type
		None
 Auto vars:     Size  Location     Type
  c               2   35[COMRAM] int 
 Return value:  Size  Location     Type
                  1    wreg      void 
 Registers used:
		wreg, fsr1l, fsr1h, fsr2l, fsr2h, status,2, status,0, cstack
 Tracked objects:
		On entry : 
		On exit  : 
		Unchanged: 
 Data sizes:     COMRAM   BANK0   BANK1   BANK2   BANK3   BANK4   BANK5   BANK6   BANK7   BANK8   BANK9  BANK10  BANK11  BANK12  BANK13  BANK14  BANK15
      Params:         0       0       0       0       0       0       0       0       0       0       0       0       0       0       0       0       0
      Locals:         2       0       0       0       0       0       0       0       0       0       0       0       0       0       0       0       0
      Temps:          2       0       0       0       0       0       0       0       0       0       0       0       0       0       0       0       0
      Totals:         4       0       0       0       0       0       0       0       0       0       0       0       0       0       0       0       0
Total ram usage:        4 bytes
 Hardware stack levels used:    1
 Hardware stack levels required when called:    3
 This function calls:
		_display_7_segment
 This function is called by:
		_main
 This function uses a non-reentrant model


 *************** function _check_correct_pass *****************
 Defined at:
		line 525 in file "the3.c"
 Parameters:    Size  Location     Type
		None
 Auto vars:     Size  Location     Type
  i               2   30[COMRAM] unsigned int 
 Return value:  Size  Location     Type
                  2   24[COMRAM] int 
 Registers used:
		wreg, fsr1l, fsr1h, fsr2l, fsr2h, status,2, status,0
 Tracked objects:
		On entry : 
		On exit  : 
		Unchanged: 
 Data sizes:     COMRAM   BANK0   BANK1   BANK2   BANK3   BANK4   BANK5   BANK6   BANK7   BANK8   BANK9  BANK10  BANK11  BANK12  BANK13  BANK14  BANK15
      Params:         2       0       0       0       0       0       0       0       0       0       0       0       0       0       0       0       0
      Locals:         2       0       0       0       0       0       0       0       0       0       0       0       0       0       0       0       0
      Temps:          4       0       0       0       0       0       0       0       0       0       0       0       0       0       0       0       0
      Totals:         8       0       0       0       0       0       0       0       0       0       0       0       0       0       0       0       0
Total ram usage:        8 bytes
 Hardware stack levels used:    1
 Hardware stack levels required when called:    2
 This function calls:
		Nothing
 This function is called by:
		_main
 This function uses a non-reentrant model


 *************** function _RE1button *****************
 Defined at:
		line 233 in file "the3.c"
 Parameters:    Size  Location     Type
		None
 Auto vars:     Size  Location     Type
		None
 Return value:  Size  Location     Type
                  1    wreg      void 
 Registers used:
		wreg, fsr1l, fsr1h, fsr2l, fsr2h, status,2, status,0, cstack
 Tracked objects:
		On entry : 
		On exit  : 
		Unchanged: 
 Data sizes:     COMRAM   BANK0   BANK1   BANK2   BANK3   BANK4   BANK5   BANK6   BANK7   BANK8   BANK9  BANK10  BANK11  BANK12  BANK13  BANK14  BANK15
      Params:         0       0       0       0       0       0       0       0       0       0       0       0       0       0       0       0       0
      Locals:         0       0       0       0       0       0       0       0       0       0       0       0       0       0       0       0       0
      Temps:          0       0       0       0       0       0       0       0       0       0       0       0       0       0       0       0       0
      Totals:         0       0       0       0       0       0       0       0       0       0       0       0       0       0       0       0       0
Total ram usage:        0 bytes
 Hardware stack levels used:    1
 Hardware stack levels required when called:    5
 This function calls:
		_ClearLCDScreen
		_display_7_segment
 This function is called by:
		_main
 This function uses a non-reentrant model


 *************** function _display_7_segment *****************
 Defined at:
		line 145 in file "the3.c"
 Parameters:    Size  Location     Type
  d0              2   24[COMRAM] int 
  d1              2   26[COMRAM] int 
  d2              2   28[COMRAM] int 
  d3              2   30[COMRAM] int 
 Auto vars:     Size  Location     Type
  symbols        24    0[BANK0 ] int [12]
 Return value:  Size  Location     Type
                  1    wreg      void 
 Registers used:
		wreg, fsr1l, fsr1h, fsr2l, fsr2h, status,2, status,0
 Tracked objects:
		On entry : 
		On exit  : 
		Unchanged: 
 Data sizes:     COMRAM   BANK0   BANK1   BANK2   BANK3   BANK4   BANK5   BANK6   BANK7   BANK8   BANK9  BANK10  BANK11  BANK12  BANK13  BANK14  BANK15
      Params:         8       0       0       0       0       0       0       0       0       0       0       0       0       0       0       0       0
      Locals:         0      24       0       0       0       0       0       0       0       0       0       0       0       0       0       0       0
      Temps:          1       0       0       0       0       0       0       0       0       0       0       0       0       0       0       0       0
      Totals:         9      24       0       0       0       0       0       0       0       0       0       0       0       0       0       0       0
Total ram usage:       33 bytes
 Hardware stack levels used:    1
 Hardware stack levels required when called:    2
 This function calls:
		Nothing
 This function is called by:
		_delay_3_sec
		_RE1button
		_display120sec_Int
		_main
 This function uses a non-reentrant model


 *************** function _ClearLCDScreen *****************
 Defined at:
		line 121 in file "LCD.c"
 Parameters:    Size  Location     Type
		None
 Auto vars:     Size  Location     Type
		None
 Return value:  Size  Location     Type
                  1    wreg      void 
 Registers used:
		wreg, status,2, status,0, cstack
 Tracked objects:
		On entry : 
		On exit  : 
		Unchanged: 
 Data sizes:     COMRAM   BANK0   BANK1   BANK2   BANK3   BANK4   BANK5   BANK6   BANK7   BANK8   BANK9  BANK10  BANK11  BANK12  BANK13  BANK14  BANK15
      Params:         0       0       0       0       0       0       0       0       0       0       0       0       0       0       0       0       0
      Locals:         0       0       0       0       0       0       0       0       0       0       0       0       0       0       0       0       0
      Temps:          1       0       0       0       0       0       0       0       0       0       0       0       0       0       0       0       0
      Totals:         1       0       0       0       0       0       0       0       0       0       0       0       0       0       0       0       0
Total ram usage:        1 bytes
 Hardware stack levels used:    1
 Hardware stack levels required when called:    4
 This function calls:
		_WriteCommandToLCD
 This function is called by:
		_RE1button
		_show_password
		_main
 This function uses a non-reentrant model


 *************** function _InitLCD *****************
 Defined at:
		line 43 in file "LCD.c"
 Parameters:    Size  Location     Type
		None
 Auto vars:     Size  Location     Type
		None
 Return value:  Size  Location     Type
                  1    wreg      void 
 Registers used:
		wreg, status,2, status,0, cstack
 Tracked objects:
		On entry : 
		On exit  : 
		Unchanged: 
 Data sizes:     COMRAM   BANK0   BANK1   BANK2   BANK3   BANK4   BANK5   BANK6   BANK7   BANK8   BANK9  BANK10  BANK11  BANK12  BANK13  BANK14  BANK15
      Params:         0       0       0       0       0       0       0       0       0       0       0       0       0       0       0       0       0
      Locals:         0       0       0       0       0       0       0       0       0       0       0       0       0       0       0       0       0
      Temps:          1       0       0       0       0       0       0       0       0       0       0       0       0       0       0       0       0
      Totals:         1       0       0       0       0       0       0       0       0       0       0       0       0       0       0       0       0
Total ram usage:        1 bytes
 Hardware stack levels used:    1
 Hardware stack levels required when called:    4
 This function calls:
		_ToggleEpinOfLCD
		_WriteCommandToLCD
 This function is called by:
		_main
 This function uses a non-reentrant model


 *************** function _WriteCommandToLCD *****************
 Defined at:
		line 14 in file "LCD.c"
 Parameters:    Size  Location     Type
  Command         1    wreg     unsigned char 
 Auto vars:     Size  Location     Type
  Command         1   24[COMRAM] unsigned char 
 Return value:  Size  Location     Type
                  1    wreg      void 
 Registers used:
		wreg, status,2, status,0, cstack
 Tracked objects:
		On entry : 
		On exit  : 
		Unchanged: 
 Data sizes:     COMRAM   BANK0   BANK1   BANK2   BANK3   BANK4   BANK5   BANK6   BANK7   BANK8   BANK9  BANK10  BANK11  BANK12  BANK13  BANK14  BANK15
      Params:         0       0       0       0       0       0       0       0       0       0       0       0       0       0       0       0       0
      Locals:         1       0       0       0       0       0       0       0       0       0       0       0       0       0       0       0       0
      Temps:          0       0       0       0       0       0       0       0       0       0       0       0       0       0       0       0       0
      Totals:         1       0       0       0       0       0       0       0       0       0       0       0       0       0       0       0       0
Total ram usage:        1 bytes
 Hardware stack levels used:    1
 Hardware stack levels required when called:    3
 This function calls:
		_ToggleEpinOfLCD
 This function is called by:
		_InitLCD
		_ClearLCDScreen
		_first_message
		_set_a_pin_message
		_show_password
		_enter_pin
		_endLCD
		_write_wait_20sec
 This function uses a non-reentrant model


 *************** function _ToggleEpinOfLCD *****************
 Defined at:
		line 6 in file "LCD.c"
 Parameters:    Size  Location     Type
		None
 Auto vars:     Size  Location     Type
		None
 Return value:  Size  Location     Type
                  1    wreg      void 
 Registers used:
		wreg
 Tracked objects:
		On entry : 
		On exit  : 
		Unchanged: 
 Data sizes:     COMRAM   BANK0   BANK1   BANK2   BANK3   BANK4   BANK5   BANK6   BANK7   BANK8   BANK9  BANK10  BANK11  BANK12  BANK13  BANK14  BANK15
      Params:         0       0       0       0       0       0       0       0       0       0       0       0       0       0       0       0       0
      Locals:         0       0       0       0       0       0       0       0       0       0       0       0       0       0       0       0       0
      Temps:          0       0       0       0       0       0       0       0       0       0       0       0       0       0       0       0       0
      Totals:         0       0       0       0       0       0       0       0       0       0       0       0       0       0       0       0       0
Total ram usage:        0 bytes
 Hardware stack levels used:    1
 Hardware stack levels required when called:    2
 This function calls:
		Nothing
 This function is called by:
		_WriteCommandToLCD
		_WriteDataToLCD
		_InitLCD
 This function uses a non-reentrant model


 *************** function _isr *****************
 Defined at:
		line 339 in file "the3.c"
 Parameters:    Size  Location     Type
		None
 Auto vars:     Size  Location     Type
  i               2   22[COMRAM] unsigned int 
 Return value:  Size  Location     Type
                  1    wreg      void 
 Registers used:
		wreg, fsr2l, fsr2h, status,2, status,0, cstack
 Tracked objects:
		On entry : 
		On exit  : 
		Unchanged: 
 Data sizes:     COMRAM   BANK0   BANK1   BANK2   BANK3   BANK4   BANK5   BANK6   BANK7   BANK8   BANK9  BANK10  BANK11  BANK12  BANK13  BANK14  BANK15
      Params:         0       0       0       0       0       0       0       0       0       0       0       0       0       0       0       0       0
      Locals:         2       0       0       0       0       0       0       0       0       0       0       0       0       0       0       0       0
      Temps:         20       0       0       0       0       0       0       0       0       0       0       0       0       0       0       0       0
      Totals:        22       0       0       0       0       0       0       0       0       0       0       0       0       0       0       0       0
Total ram usage:       22 bytes
 Hardware stack levels used:    1
 Hardware stack levels required when called:    1
 This function calls:
		_val_inPot_2Int
 This function is called by:
		Interrupt level 2
 This function uses a non-reentrant model


 *************** function _val_inPot_2Int *****************
 Defined at:
		line 311 in file "the3.c"
 Parameters:    Size  Location     Type
		None
 Auto vars:     Size  Location     Type
		None
 Return value:  Size  Location     Type
                  2    0[COMRAM] int 
 Registers used:
		wreg, status,2, status,0
 Tracked objects:
		On entry : 
		On exit  : 
		Unchanged: 
 Data sizes:     COMRAM   BANK0   BANK1   BANK2   BANK3   BANK4   BANK5   BANK6   BANK7   BANK8   BANK9  BANK10  BANK11  BANK12  BANK13  BANK14  BANK15
      Params:         2       0       0       0       0       0       0       0       0       0       0       0       0       0       0       0       0
      Locals:         0       0       0       0       0       0       0       0       0       0       0       0       0       0       0       0       0
      Temps:          0       0       0       0       0       0       0       0       0       0       0       0       0       0       0       0       0
      Totals:         2       0       0       0       0       0       0       0       0       0       0       0       0       0       0       0       0
Total ram usage:        2 bytes
 Hardware stack levels used:    1
 This function calls:
		Nothing
 This function is called by:
		_isr
 This function uses a non-reentrant model



MODULE INFORMATION

Module		Function		Class		Link	Load	Size
the3.c
		_init          		CODE           	155E	0000	357
		_num_to_char   		CODE           	1FF6	0000	21
		_check_correct_pass		CODE           	1C6A	0000	97
		_write_wait_20sec		CODE           	1F3E	0000	39
		_set_a_pin_message		CODE           	1B58	0000	143
		_endLCD        		CODE           	1F8A	0000	39
		_show_password 		CODE           	1BE6	0000	133
		_main          		CODE           	1396	0000	457
		_val_inPot_2Int		CODE           	17F4	0000	269
		_display120sec_Int		CODE           	1AB8	0000	161
		_next_char     		CODE           	1E8C	0000	49
		_next_char2    		CODE           	1E5C	0000	49
		_enter_pin     		CODE           	16C2	0000	307
		_display_7_segment		CODE           	19F6	0000	195
		_isr           		CODE           	0008	0000	737
		_RE1button     		CODE           	1CCA	0000	95
		_delay_3_sec   		CODE           	1D28	0000	85
		_first_message 		CODE           	1F64	0000	39

the3.c estimated size: 3272

C:\Program Files (x86)\Microchip\xc8\v1.45\sources\common\lwmod.c
		___lwmod       		CODE           	1E1A	0000	67

C:\Program Files (x86)\Microchip\xc8\v1.45\sources\common\lwmod.c estimated size: 67

shared
		__initialization		CODE           	1DCE	0000	59

shared estimated size: 59

C:\Program Files (x86)\Microchip\xc8\v1.45\sources\common\lwdiv.c
		___lwdiv       		CODE           	1D7C	0000	83

C:\Program Files (x86)\Microchip\xc8\v1.45\sources\common\lwdiv.c estimated size: 83

LCD.c
		_WriteCommandToLCD		CODE           	1EE8	0000	45
		_WriteStringToLCD		CODE           	1F14	0000	43
		_InitLCD       		CODE           	1900	0000	247
		_WriteDataToLCD		CODE           	1EBC	0000	45
		_ToggleEpinOfLCD		CODE           	1FE0	0000	23
		_ClearLCDScreen		CODE           	1FC8	0000	25

LCD.c estimated size: 428



FUNCTION INFORMATION:

 *************** function _main *****************
 Defined at:
		line 535 in file "the3.c"
 Parameters:    Size  Location     Type
		None
 Auto vars:     Size  Location     Type
  i               2   36[BANK0 ] unsigned int 
  i               2   34[BANK0 ] unsigned int 
  i               2   32[BANK0 ] int 
 Return value:  Size  Location     Type
                  1    wreg      void 
 Registers used:
		wreg, fsr1l, fsr1h, fsr2l, fsr2h, status,2, status,0, tblptrl, tblptrh, tblptru, cstack
 Tracked objects:
		On entry : 
		On exit  : 
		Unchanged: 
 Data sizes:     COMRAM   BANK0   BANK1   BANK2   BANK3   BANK4   BANK5   BANK6   BANK7   BANK8   BANK9  BANK10  BANK11  BANK12  BANK13  BANK14  BANK15
      Params:         0       0       0       0       0       0       0       0       0       0       0       0       0       0       0       0       0
      Locals:         0       6       0       0       0       0       0       0       0       0       0       0       0       0       0       0       0
      Temps:          1       0       0       0       0       0       0       0       0       0       0       0       0       0       0       0       0
      Totals:         1       6       0       0       0       0       0       0       0       0       0       0       0       0       0       0       0
Total ram usage:        7 bytes
 Hardware stack levels required when called:    6
 This function calls:
		_ClearLCDScreen
		_InitLCD
		_RE1button
		_check_correct_pass
		_delay_3_sec
		_display120sec_Int
[...]


 *************** function _WriteStringToLCD *****************
 Defined at:
		line 115 in file "LCD.c"
 Parameters:    Size  Location     Type
  s               2   25[COMRAM] PTR const unsigned char 
		 -> STR_14(17), STR_13(17), STR_12(17), STR_11(17), 
		 -> STR_10(5), STR_9(12), STR_8(12), STR_7(7), 
		 -> STR_6(7), STR_5(17), STR_4(17), STR_3(12), 
		 -> STR_2(17), STR_1(17), 
 Auto vars:     Size  Location     Type
		None
 Return value:  Size  Location     Type
                  1    wreg      void 
 Registers used:
		wreg, status,2, status,0, tblptrl, tblptrh, tblptru, cstack
 Tracked objects:
		On entry : 
		On exit  : 
		Unchanged: 
 Data sizes:     COMRAM   BANK0   BANK1   BANK2   BANK3   BANK4   BANK5   BANK6   BANK7   BANK8   BANK9  BANK10  BANK11  BANK12  BANK13  BANK14  BANK15
      Params:         2       0       0       0       0       0       0       0       0       0       0       0       0       0       0       0       0
      Locals:         0       0       0       0       0       0       0       0       0       0       0       0       0       0       0       0       0
      Temps:          0       0       0       0       0       0       0       0       0       0       0       0       0       0       0       0       0
      Totals:         2       0       0       0       0       0       0       0       0       0       0       0       0       0       0       0       0
Total ram usage:        2 bytes
 Hardware stack levels used:    1
 Hardware stack levels required when called:    4
 This function calls:
		_WriteDataToLCD
 This function is called by:
		_first_message
		_set_a_pin_message
		_show_password
		_enter_pin
		_endLCD
		_write_wait_20sec
 This function uses a non-reentrant model


 *************** function _WriteDataToLCD *****************
 Defined at:
		line 28 in file "LCD.c"
 Parameters:    Size  Location     Type
  LCDChar         1    wreg     unsigned char 
 Auto vars:     Size  Location     Type
  LCDChar         1   24[COMRAM] unsigned char 
 Return value:  Size  Location     Type
                  1    wreg      void 
 Registers used:
		wreg, status,2, status,0, cstack
 Tracked objects:
		On entry : 
		On exit  : 
		Unchanged: 
 Data sizes:     COMRAM   BANK0   BANK1   BANK2   BANK3   BANK4   BANK5   BANK6   BANK7   BANK8   BANK9  BANK10  BANK11  BANK12  BANK13  BANK14  BANK15
      Params:         0       0       0       0       0       0       0       0       0       0       0       0       0       0       0       0       0
      Locals:         1       0       0       0       0       0       0       0       0       0       0       0       0       0       0       0       0
      Temps:          0       0       0       0       0       0       0       0       0       0       0       0       0       0       0       0       0
      Totals:         1       0       0       0       0       0       0       0       0       0       0       0       0       0       0       0       0
Total ram usage:        1 bytes
 Hardware stack levels used:    1
 Hardware stack levels required when called:    3
 This function calls:
		_ToggleEpinOfLCD
 This function is called by:
		_WriteStringToLCD
		_set_a_pin_message
		_show_password
		_enter_pin
 This function uses a non-reentrant model


 *************** function _delay_3_sec *****************
 Defined at:
		line 188 in file "the3.c"
 Parameters:    Size  Location     Type
		None
 Auto vars:     Size  Location     Type
  c               2   35[COMRAM] int 
 Return value:  Size  Location     Type
                  1    wreg      void 
 Registers used:
		wreg, fsr1l, fsr1h, fsr2l, fsr2h, status,2, status,0, cstack
 Tracked objects:
		On entry : 
		On exit  : 
		Unchanged: 
 Data sizes:     COMRAM   BANK0   BANK1   BANK2   BANK3   BANK4   BANK5   BANK6   BANK7   BANK8   BANK9  BANK10  BANK11  BANK12  BANK13  BANK14  BANK15
      Params:         0       0       0       0       0       0       0       0       0       0       0       0       0       0       0       0       0
      Locals:         2       0       0       0       0       0       0       0       0       0       0       0       0       0       0       0       0
      Temps:          2       0       0       0       0       0       0       0       0       0       0       0       0       0       0       0       0
      Totals:         4       0       0       0       0       0       0       0       0       0       0       0       0       0       0       0       0
Total ram usage:        4 bytes
 Hardware stack levels used:    1
 Hardware stack levels required when called:    3
 This function calls:
		_display_7_segment
 This function is called by:
		_main
 This function uses a non-reentrant model


 *************** function _check_correct_pass *****************
 Defined at:
		line 525 in file "the3.c"
 Parameters:    Size  Location     Type
		None
 Auto vars:     Size  Location     Type
  i               2   30[COMRAM] unsigned int 
 Return value:  Size  Location     Type
                  2   24[COMRAM] int 
 Registers used:
		wreg, fsr1l, fsr1h, fsr2l, fsr2h, status,2, status,0
 Tracked objects:
		On entry : 
		On exit  : 
		Unchanged: 
 Data sizes:     COMRAM   BANK0   BANK1   BANK2   BANK3   BANK4   BANK5   BANK6   BANK7   BANK8   BANK9  BANK10  BANK11  BANK12  BANK13  BANK14  BANK15
      Params:         2       0       0       0       0       0       0       0       0       0       0       0       0       0       0       0       0
      Locals:         2       0       0       0       0       0       0       0       0       0       0       0       0       0       0       0       0
      Temps:          4       0       0       0       0       0       0       0       0       0       0       0       0       0       0       0       0
      Totals:         8       0       0       0       0       0       0       0       0       0       0       0       0       0       0       0       0
Total ram usage:        8 bytes
 Hardware stack levels used:    1
 Hardware stack levels required when called:    2
 This function calls:
		Nothing
 This function is called by:
		_main
 This function uses a non-reentrant model


 *************** function _RE1button *****************
 Defined at:
		line 233 in file "the3.c"
 Parameters:    Size  Location     Type
		None
 Auto vars:     Size  Location     Type
		None
 Return value:  Size  Location     Type
                  1    wreg      void 
 Registers used:
		wreg, fsr1l, fsr1h, fsr2l, fsr2h, status,2, status,0, cstack
 Tracked objects:
		On entry : 
		On exit  : 
		Unchanged: 
 Data sizes:     COMRAM   BANK0   BANK1   BANK2   BANK3   BANK4   BANK5   BANK6   BANK7   BANK8   BANK9  BANK10  BANK11  BANK12  BANK13  BANK14  BANK15
      Params:         0       0       0       0       0       0       0       0       0       0       0       0       0       0       0       0       0
      Locals:         0       0       0       0       0       0       0       0       0       0       0       0       0       0       0       0       0
      Temps:          0       0       0       0       0       0       0       0       0       0       0       0       0       0       0       0       0
      Totals:         0       0       0       0       0       0       0       0       0       0       0       0       0       0       0       0       0
Total ram usage:        0 bytes
 Hardware stack levels used:    1
 Hardware stack levels required when called:    5
 This function calls:
		_ClearLCDScreen
		_display_7_segment
 This function is called by:
		_main
 This function uses a non-reentrant model


 *************** function _display_7_segment *****************
 Defined at:
		line 145 in file "the3.c"
 Parameters:    Size  Location     Type
  d0              2   24[COMRAM] int 
  d1              2   26[COMRAM] int 
  d2              2   28[COMRAM] int 
  d3              2   30[COMRAM] int 
 Auto vars:     Size  Location     Type
  symbols        24    0[BANK0 ] int [12]
 Return value:  Size  Location     Type
                  1    wreg      void 
 Registers used:
		wreg, fsr1l, fsr1h, fsr2l, fsr2h, status,2, status,0
 Tracked objects:
		On entry : 
		On exit  : 
		Unchanged: 
 Data sizes:     COMRAM   BANK0   BANK1   BANK2   BANK3   BANK4   BANK5   BANK6   BANK7   BANK8   BANK9  BANK10  BANK11  BANK12  BANK13  BANK14  BANK15
      Params:         8       0       0       0       0       0       0       0       0       0       0       0       0       0       0       0       0
      Locals:         0      24       0       0       0       0       0       0       0       0       0       0       0       0       0       0       0
      Temps:          1       0       0       0       0       0       0       0       0       0       0       0       0       0       0       0       0
      Totals:         9      24       0       0       0       0       0       0       0       0       0       0       0       0       0       0       0
Total ram usage:       33 bytes
 Hardware stack levels used:    1
 Hardware stack levels required when called:    2
 This function calls:
		Nothing
 This function is called by:
		_delay_3_sec
		_RE1button
		_display120sec_Int
		_main
 This function uses a non-reentrant model


 *************** function _ClearLCDScreen *****************
 Defined at:
		line 121 in file "LCD.c"
 Parameters:    Size  Location     Type
		None
 Auto vars:     Size  Location     Type
		None
 Return value:  Size  Location     Type
                  1    wreg      void 
 Registers used:
		wreg, status,2, status,0, cstack
 Tracked objects:
		On entry : 
		On exit  : 
		Unchanged: 
 Data sizes:     COMRAM   BANK0   BANK1   BANK2   BANK3   BANK4   BANK5   BANK6   BANK7   BANK8   BANK9  BANK10  BANK11  BANK12  BANK13  BANK14  BANK15
      Params:         0       0       0       0       0       0       0       0       0       0       0       0       0       0       0       0       0
      Locals:         0       0       0       0       0       0       0       0       0       0       0       0       0       0       0       0       0
      Temps:          1       0       0       0       0       0       0       0       0       0       0       0       0       0       0       0       0
      Totals:         1       0       0       0       0       0       0       0       0       0       0       0       0       0       0       0       0
Total ram usage:        1 bytes
 Hardware stack levels used:    1
 Hardware stack levels required when called:    4
 This function calls:
		_WriteCommandToLCD
 This function is called by:
		_RE1button
		_show_password
		_main
 This function uses a non-reentrant model


 *************** function _InitLCD *****************
 Defined at:
		line 43 in file "LCD.c"
 Parameters:    Size  Location     Type
		None
 Auto vars:     Size  Location     Type
		None
 Return value:  Size  Location     Type
                  1    wreg      void 
 Registers used:
		wreg, status,2, status,0, cstack
 Tracked objects:
		On entry : 
		On exit  : 
		Unchanged: 
 Data sizes:     COMRAM   BANK0   BANK1   BANK2   BANK3   BANK4   BANK5   BANK6   BANK7   BANK8   BANK9  BANK10  BANK11  BANK12  BANK13  BANK14  BANK15
      Params:         0       0       0       0       0       0       0       0       0       0       0       0       0       0       0       0       0
      Locals:         0       0       0       0       0       0       0       0       0       0       0       0       0       0       0       0       0
      Temps:          1       0       0       0       0       0       0       0       0       0       0       0       0       0       0       0       0
      Totals:         1       0       0       0       0       0       0       0       0       0       0       0       0       0       0       0       0
Total ram usage:        1 bytes
 Hardware stack levels used:    1
 Hardware stack levels required when called:    4
 This function calls:
		_ToggleEpinOfLCD
		_WriteCommandToLCD
 This function is called by:
		_main
 This function uses a non-reentrant model


 *************** function _WriteCommandToLCD *****************
 Defined at:
		line 14 in file "LCD.c"
 Parameters:    Size  Location     Type
  Command         1    wreg     unsigned char 
 Auto vars:     Size  Location     Type
  Command         1   24[COMRAM] unsigned char 
 Return value:  Size  Location     Type
                  1    wreg      void 
 Registers used:
		wreg, status,2, status,0, cstack
 Tracked objects:
		On entry : 
		On exit  : 
		Unchanged: 
 Data sizes:     COMRAM   BANK0   BANK1   BANK2   BANK3   BANK4   BANK5   BANK6   BANK7   BANK8   BANK9  BANK10  BANK11  BANK12  BANK13  BANK14  BANK15
      Params:         0       0       0       0       0       0       0       0       0       0       0       0       0       0       0       0       0
      Locals:         1       0       0       0       0       0       0       0       0       0       0       0       0       0       0       0       0
      Temps:          0       0       0       0       0       0       0       0       0       0       0       0       0       0       0       0       0
      Totals:         1       0       0       0       0       0       0       0       0       0       0       0       0       0       0       0       0
Total ram usage:        1 bytes
 Hardware stack levels used:    1
 Hardware stack levels required when called:    3
 This function calls:
		_ToggleEpinOfLCD
 This function is called by:
		_InitLCD
		_ClearLCDScreen
		_first_message
		_set_a_pin_message
		_show_password
		_enter_pin
		_endLCD
		_write_wait_20sec
 This function uses a non-reentrant model


 *************** function _ToggleEpinOfLCD *****************
 Defined at:
		line 6 in file "LCD.c"
 Parameters:    Size  Location     Type
		None
 Auto vars:     Size  Location     Type
		None
 Return value:  Size  Location     Type
                  1    wreg      void 
 Registers used:
		wreg
 Tracked objects:
		On entry : 
		On exit  : 
		Unchanged: 
 Data sizes:     COMRAM   BANK0   BANK1   BANK2   BANK3   BANK4   BANK5   BANK6   BANK7   BANK8   BANK9  BANK10  BANK11  BANK12  BANK13  BANK14  BANK15
      Params:         0       0       0       0       0       0       0       0       0       0       0       0       0       0       0       0       0
      Locals:         0       0       0       0       0       0       0       0       0       0       0       0       0       0       0       0       0
      Temps:          0       0       0       0       0       0       0       0       0       0       0       0       0       0       0       0       0
      Totals:         0       0       0       0       0       0       0       0       0       0       0       0       0       0       0       0       0
Total ram usage:        0 bytes
 Hardware stack levels used:    1
 Hardware stack levels required when called:    2
 This function calls:
		Nothing
 This function is called by:
		_WriteCommandToLCD
		_WriteDataToLCD
		_InitLCD
 This function uses a non-reentrant model


 *************** function _isr *****************
 Defined at:
		line 339 in file "the3.c"
 Parameters:    Size  Location     Type
		None
 Auto vars:     Size  Location     Type
  i               2   22[COMRAM] unsigned int 
 Return value:  Size  Location     Type
                  1    wreg      void 
 Registers used:
		wreg, fsr2l, fsr2h, status,2, status,0, cstack
 Tracked objects:
		On entry : 
		On exit  : 
		Unchanged: 
 Data sizes:     COMRAM   BANK0   BANK1   BANK2   BANK3   BANK4   BANK5   BANK6   BANK7   BANK8   BANK9  BANK10  BANK11  BANK12  BANK13  BANK14  BANK15
      Params:         0       0       0       0       0       0       0       0       0       0       0       0       0       0       0       0       0
      Locals:         2       0       0       0       0       0       0       0       0       0       0       0       0       0       0       0       0
      Temps:         20       0       0       0       0       0       0       0       0       0       0       0       0       0       0       0       0
      Totals:        22       0       0       0       0       0       0       0       0       0       0       0       0       0       0       0       0
Total ram usage:       22 bytes
 Hardware stack levels used:    1
 Hardware stack levels required when called:    1
 This function calls:
		_val_inPot_2Int
 This function is called by:
		Interrupt level 2
 This function uses a non-reentrant model


 *************** function _val_inPot_2Int *****************
 Defined at:
		line 311 in file "the3.c"
 Parameters:    Size  Location     Type
		None
 Auto vars:     Size  Location     Type
		None
 Return value:  Size  Location     Type
                  2    0[COMRAM] int 
 Registers used:
		wreg, status,2, status,0
 Tracked objects:
		On entry : 
		On exit  : 
		Unchanged: 
 Data sizes:     COMRAM   BANK0   BANK1   BANK2   BANK3   BANK4   BANK5   BANK6   BANK7   BANK8   BANK9  BANK10  BANK11  BANK12  BANK13  BANK14  BANK15
      Params:         2       0       0       0       0       0       0       0       0       0       0       0       0       0       0       0       0
      Locals:         0       0       0       0       0       0       0       0       0       0       0       0       0       0       0       0       0
      Temps:          0       0       0       0       0       0       0       0       0       0       0       0       0       0       0       0       0
      Totals:         2       0       0       0       0       0       0       0       0       0       0       0       0       0       0       0       0
Total ram usage:        2 bytes
 Hardware stack levels used:    1
 This function calls:
		Nothing
 This function is called by:
		_isr
 This function uses a non-reentrant model



MODULE INFORMATION

Module		Function		Class		Link	Load	Size
the3.c
		_init          		CODE           	155E	0000	357
		_num_to_char   		CODE           	1FF6	0000	21
		_check_correct_pass		CODE           	1C6A	0000	97
		_write_wait_20sec		CODE           	1F3E	0000	39
		_set_a_pin_message		CODE           	1B58	0000	143
		_endLCD        		CODE           	1F8A	0000	39
		_show_password 		CODE           	1BE6	0000	133
		_main          		CODE           	1396	0000	457
		_val_inPot_2Int		CODE           	17F4	0000	269
		_display120sec_Int		CODE           	1AB8	0000	161
		_next_char     		CODE           	1E8C	0000	49
		_next_char2    		CODE           	1E5C	0000	49
		_enter_pin     		CODE           	16C2	0000	307
		_display_7_segment		CODE           	19F6	0000	195
		_isr           		CODE           	0008	0000	737
		_RE1button     		CODE           	1CCA	0000	95
		_delay_3_sec   		CODE           	1D28	0000	85
		_first_message 		CODE           	1F64	0000	39

the3.c estimated size: 3272

C:\Program Files (x86)\Microchip\xc8\v1.45\sources\common\lwmod.c
		___lwmod       		CODE           	1E1A	0000	67

C:\Program Files (x86)\Microchip\xc8\v1.45\sources\common\lwmod.c estimated size: 67

shared
		__initialization		CODE           	1DCE	0000	59

shared estimated size: 59

C:\Program Files (x86)\Microchip\xc8\v1.45\sources\common\lwdiv.c
		___lwdiv       		CODE           	1D7C	0000	83

C:\Program Files (x86)\Microchip\xc8\v1.45\sources\common\lwdiv.c estimated size: 83

LCD.c
		_WriteCommandToLCD		CODE           	1EE8	0000	45
		_WriteStringToLCD		CODE           	1F14	0000	43
		_InitLCD       		CODE           	1900	0000	247
		_WriteDataToLCD		CODE           	1EBC	0000	45
		_ToggleEpinOfLCD		CODE           	1FE0	0000	23
		_ClearLCDScreen		CODE           	1FC8	0000	25

LCD.c estimated size: 428

